PS C:\Suren\SurenLearn\00 LinkedIn Learnings\Data-Engineering-Pipelines-With-Pandas-Snowflake> git clone https://github.com/suren4ghub/sfguide-data-engineering-pipelines-with-pandas-on-snowflake.git
Cloning into 'sfguide-data-engineering-pipelines-with-pandas-on-snowflake'...
remote: Enumerating objects: 56, done.
remote: Counting objects: 100% (23/23), done.
remote: Compressing objects: 100% (13/13), done.
Rremote: Total 56 (delta 17), reused 10 (delta 10), pack-reused 33 (from 1)
Receiving objects: 100% (56/56), 29.09 KiB | 1.08 MiB/s, done.
Resolving deltas: 100% (22/22), done.


PS C:\Suren\SurenLearn\00 LinkedIn Learnings\Data-Engineering-Pipelines-With-Pandas-Snowflake\sfguide-data-engineering-pipelines-with-pandas-on-snowflake> git fetch --all
PS C:\Suren\SurenLearn\00 LinkedIn Learnings\Data-Engineering-Pipelines-With-Pandas-Snowflake\sfguide-data-engineering-pipelines-with-pandas-on-snowflake> dir


    Directory: C:\Suren\SurenLearn\00 LinkedIn
    Learnings\Data-Engineering-Pipelines-With-Pandas-Snowflake\sfguide-data-engineering-pipelines-with-pandas-on-snowflake


Mode                 LastWriteTime         Length Name
----                 -------------         ------ ----
d-----          2/1/2026  12:45 PM                notebooks
-a----          2/1/2026  12:45 PM            251 LEGAL.md
-a----          2/1/2026  12:45 PM          11558 LICENSE
-a----          2/1/2026  12:45 PM            828 README.md



PS C:\Suren\SurenLearn\00 LinkedIn Learnings\Data-Engineering-Pipelines-With-Pandas-Snowflake\sfguide-data-engineering-pipelines-with-pandas-on-snowflake> git checkout stage-data-eng-pipeline-with-pd
branch 'stage-data-eng-pipeline-with-pd' set up to track 'origin/stage-data-eng-pipeline-with-pd'.
Switched to a new branch 'stage-data-eng-pipeline-with-pd'



PS C:\Suren\SurenLearn\00 LinkedIn Learnings\Data-Engineering-Pipelines-With-Pandas-Snowflake\sfguide-data-engineering-pipelines-with-pandas-on-snowflake> git status
On branch stage-data-eng-pipeline-with-pd
Your branch is up to date with 'origin/stage-data-eng-pipeline-with-pd'.

nothing to commit, working tree clean


