PS C:\Suren\SurenLearn\00 LinkedIn Learnings\Data-Engineering-Pipelines-With-Pandas-Snowflake> git clone https://github.com/suren4ghub/sfguide-data-engineering-pipelines-with-pandas-on-snowflake.git
Cloning into 'sfguide-data-engineering-pipelines-with-pandas-on-snowflake'...
remote: Enumerating objects: 56, done.
remote: Counting objects: 100% (23/23), done.
remote: Compressing objects: 100% (13/13), done.
Rremote: Total 56 (delta 17), reused 10 (delta 10), pack-reused 33 (from 1)
Receiving objects: 100% (56/56), 29.09 KiB | 1.08 MiB/s, done.
Resolving deltas: 100% (22/22), done.


PS C:\Suren\SurenLearn\00 LinkedIn Learnings\Data-Engineering-Pipelines-With-Pandas-Snowflake\sfguide-data-engineering-pipelines-with-pandas-on-snowflake> git fetch --all
PS C:\Suren\SurenLearn\00 LinkedIn Learnings\Data-Engineering-Pipelines-With-Pandas-Snowflake\sfguide-data-engineering-pipelines-with-pandas-on-snowflake> dir


    Directory: C:\Suren\SurenLearn\00 LinkedIn
    Learnings\Data-Engineering-Pipelines-With-Pandas-Snowflake\sfguide-data-engineering-pipelines-with-pandas-on-snowflake


Mode                 LastWriteTime         Length Name
----                 -------------         ------ ----
d-----          2/1/2026  12:45 PM                notebooks
-a----          2/1/2026  12:45 PM            251 LEGAL.md
-a----          2/1/2026  12:45 PM          11558 LICENSE
-a----          2/1/2026  12:45 PM            828 README.md



PS C:\Suren\SurenLearn\00 LinkedIn Learnings\Data-Engineering-Pipelines-With-Pandas-Snowflake\sfguide-data-engineering-pipelines-with-pandas-on-snowflake> git checkout stage-data-eng-pipeline-with-pd
branch 'stage-data-eng-pipeline-with-pd' set up to track 'origin/stage-data-eng-pipeline-with-pd'.
Switched to a new branch 'stage-data-eng-pipeline-with-pd'



PS C:\Suren\SurenLearn\00 LinkedIn Learnings\Data-Engineering-Pipelines-With-Pandas-Snowflake\sfguide-data-engineering-pipelines-with-pandas-on-snowflake> git status
On branch stage-data-eng-pipeline-with-pd
Your branch is up to date with 'origin/stage-data-eng-pipeline-with-pd'.

nothing to commit, working tree clean




#############################################


PS C:\Suren\SurenLearn\00 LinkedIn Learnings\Data-Engineering-Pipelines-With-Pandas-Snowflake\sfguide-data-engineering-pipelines-with-pandas-on-snowflake> git add -A

PS C:\Suren\SurenLearn\00 LinkedIn Learnings\Data-Engineering-Pipelines-With-Pandas-Snowflake\sfguide-data-engineering-pipelines-with-pandas-on-snowflake> git commit -m "Adding a new file"
[stage-data-eng-pipeline-with-pd 3dac547] Adding a new file
 1 file changed, 40 insertions(+)
 create mode 100644 Suren_ReadMe_Commands.txt

PS C:\Suren\SurenLearn\00 LinkedIn Learnings\Data-Engineering-Pipelines-With-Pandas-Snowflake\sfguide-data-engineering-pipelines-with-pandas-on-snowflake> git push origin stage-data-eng-pipeline-with-pd
Enumerating objects: 4, done.
Counting objects: 100% (4/4), done.
Delta compression using up to 22 threads
Compressing objects: 100% (3/3), done.
Writing objects: 100% (3/3), 985 bytes | 985.00 KiB/s, done.
Total 3 (delta 0), reused 0 (delta 0), pack-reused 0 (from 0)
To https://github.com/suren4ghub/sfguide-data-engineering-pipelines-with-pandas-on-snowflake.git
   7658fc8..3dac547  stage-data-eng-pipeline-with-pd -> stage-data-eng-pipeline-with-pd




